127.0.0.1 - - [27/Jul/2017:09:47:44 +0800] "GET / HTTP/1.1" 404 951
0:0:0:0:0:0:0:1 - - [27/Jul/2017:09:47:58 +0800] "GET /SpringMVC-Day01-1/WEB-INF/hello.jsp HTTP/1.1" 404 949
0:0:0:0:0:0:0:1 - - [27/Jul/2017:09:47:58 +0800] "GET /favicon.ico HTTP/1.1" 404 973
0:0:0:0:0:0:0:1 - - [27/Jul/2017:09:48:10 +0800] "GET /SpringMVC-Day01-1/hello.action HTTP/1.1" 500 8372
127.0.0.1 - - [27/Jul/2017:09:49:00 +0800] "GET / HTTP/1.1" 404 951
0:0:0:0:0:0:0:1 - - [27/Jul/2017:09:49:03 +0800] "GET /SpringMVC-Day01-1/hello.action HTTP/1.1" 200 294
127.0.0.1 - - [27/Jul/2017:10:06:47 +0800] "GET / HTTP/1.1" 404 951
0:0:0:0:0:0:0:1 - - [27/Jul/2017:10:06:56 +0800] "GET /SpringMVC-Day01-1/say.action HTTP/1.1" 200 288
0:0:0:0:0:0:0:1 - - [27/Jul/2017:10:07:14 +0800] "GET /SpringMVC-Day01-1/say.action?name=%E8%B6%85%E5%93%A5 HTTP/1.1" 200 288
127.0.0.1 - - [27/Jul/2017:10:08:12 +0800] "GET / HTTP/1.1" 404 951
0:0:0:0:0:0:0:1 - - [27/Jul/2017:10:08:15 +0800] "GET /SpringMVC-Day01-1/say.action?name=%E8%B6%85%E5%93%A5 HTTP/1.1" 200 288
0:0:0:0:0:0:0:1 - - [27/Jul/2017:10:08:28 +0800] "GET /SpringMVC-Day01-1/say.action?name=cc HTTP/1.1" 200 288
0:0:0:0:0:0:0:1 - - [27/Jul/2017:10:08:36 +0800] "GET /SpringMVC-Day01-1/say.action?name=%27%E8%B6%85%E5%93%A5%27 HTTP/1.1" 200 288
0:0:0:0:0:0:0:1 - - [27/Jul/2017:10:08:46 +0800] "GET /SpringMVC-Day01-1/say.action?name=%E8%B6%85%E5%93%A5 HTTP/1.1" 200 288
127.0.0.1 - - [27/Jul/2017:10:11:48 +0800] "GET / HTTP/1.1" 404 951
0:0:0:0:0:0:0:1 - - [27/Jul/2017:10:12:09 +0800] "GET /SpringMVC-Day01-1/addName.action?name=cc HTTP/1.1" 404 1025
127.0.0.1 - - [27/Jul/2017:10:13:25 +0800] "GET / HTTP/1.1" 404 951
0:0:0:0:0:0:0:1 - - [27/Jul/2017:10:13:28 +0800] "GET /SpringMVC-Day01-1/addName.action?name=cc HTTP/1.1" 200 288
127.0.0.1 - - [27/Jul/2017:11:13:00 +0800] "GET / HTTP/1.1" 404 951
0:0:0:0:0:0:0:1 - - [27/Jul/2017:11:13:23 +0800] "GET /SpringMVC-Day01-1/toUser.action?name=cc HTTP/1.1" 200 621
127.0.0.1 - - [27/Jul/2017:11:14:24 +0800] "GET / HTTP/1.1" 404 951
0:0:0:0:0:0:0:1 - - [27/Jul/2017:11:14:30 +0800] "GET /SpringMVC-Day01-1/toUser.action?name=cc HTTP/1.1" 200 719
127.0.0.1 - - [27/Jul/2017:11:15:52 +0800] "GET / HTTP/1.1" 404 951
0:0:0:0:0:0:0:1 - - [27/Jul/2017:11:15:56 +0800] "GET /SpringMVC-Day01-1/toUser.action?name=cc HTTP/1.1" 200 719
127.0.0.1 - - [27/Jul/2017:11:39:59 +0800] "GET / HTTP/1.1" 404 951
0:0:0:0:0:0:0:1 - - [27/Jul/2017:11:40:01 +0800] "GET /SpringMVC-Day01-1/toUser.action?name=cc HTTP/1.1" 200 846
127.0.0.1 - - [27/Jul/2017:11:46:31 +0800] "GET / HTTP/1.1" 404 951
0:0:0:0:0:0:0:1 - - [27/Jul/2017:11:46:36 +0800] "GET /SpringMVC-Day01-1/toUser.action?name=cc HTTP/1.1" 200 860
0:0:0:0:0:0:0:1 - - [27/Jul/2017:11:46:39 +0800] "POST /SpringMVC-Day01-1/toUser.action?name=cc HTTP/1.1" 200 860
127.0.0.1 - - [27/Jul/2017:14:50:03 +0800] "GET / HTTP/1.1" 404 951
0:0:0:0:0:0:0:1 - - [27/Jul/2017:14:50:15 +0800] "GET /SpringMVC-Day01-1/toUser.action HTTP/1.1" 200 893
0:0:0:0:0:0:0:1 - - [27/Jul/2017:14:50:23 +0800] "POST /SpringMVC-Day01-1/addUser.action HTTP/1.1" 200 300
127.0.0.1 - - [27/Jul/2017:14:51:44 +0800] "GET / HTTP/1.1" 404 951
0:0:0:0:0:0:0:1 - - [27/Jul/2017:14:51:49 +0800] "GET /SpringMVC-Day01-1/toUser.action HTTP/1.1" 200 889
0:0:0:0:0:0:0:1 - - [27/Jul/2017:14:51:54 +0800] "POST /SpringMVC-Day01-1/addUser.action HTTP/1.1" 200 300
127.0.0.1 - - [27/Jul/2017:14:56:50 +0800] "GET / HTTP/1.1" 404 951
0:0:0:0:0:0:0:1 - - [27/Jul/2017:14:56:55 +0800] "GET /SpringMVC-Day01-1/toUser.action HTTP/1.1" 200 1021
0:0:0:0:0:0:0:1 - - [27/Jul/2017:14:57:21 +0800] "POST /SpringMVC-Day01-1/addUser.action HTTP/1.1" 200 300
127.0.0.1 - - [27/Jul/2017:15:03:17 +0800] "GET / HTTP/1.1" 404 951
0:0:0:0:0:0:0:1 - - [27/Jul/2017:15:03:23 +0800] "GET /SpringMVC-Day01-1/toUser.action HTTP/1.1" 200 1021
0:0:0:0:0:0:0:1 - - [27/Jul/2017:15:03:32 +0800] "POST /SpringMVC-Day01-1/addUser.action HTTP/1.1" 200 300
127.0.0.1 - - [27/Jul/2017:15:04:37 +0800] "GET / HTTP/1.1" 404 951
0:0:0:0:0:0:0:1 - - [27/Jul/2017:15:04:43 +0800] "POST /SpringMVC-Day01-1/addUser.action HTTP/1.1" 200 300
127.0.0.1 - - [27/Jul/2017:15:16:37 +0800] "GET / HTTP/1.1" 404 951
0:0:0:0:0:0:0:1 - - [27/Jul/2017:15:16:43 +0800] "GET /SpringMVC-Day01-1/toUser.action HTTP/1.1" 200 1138
0:0:0:0:0:0:0:1 - - [27/Jul/2017:15:16:56 +0800] "POST /SpringMVC-Day01-1/addUser.action HTTP/1.1" 200 300
127.0.0.1 - - [27/Jul/2017:15:26:05 +0800] "GET / HTTP/1.1" 404 951
0:0:0:0:0:0:0:1 - - [27/Jul/2017:15:26:10 +0800] "GET /SpringMVC-Day01-1/toUser.action HTTP/1.1" 200 1390
0:0:0:0:0:0:0:1 - - [27/Jul/2017:15:26:30 +0800] "POST /SpringMVC-Day01-1/addUser.action HTTP/1.1" 200 300
127.0.0.1 - - [27/Jul/2017:15:27:37 +0800] "GET / HTTP/1.1" 404 951
0:0:0:0:0:0:0:1 - - [27/Jul/2017:15:27:45 +0800] "POST /SpringMVC-Day01-1/addUser.action HTTP/1.1" 200 300
127.0.0.1 - - [27/Jul/2017:15:28:03 +0800] "GET / HTTP/1.1" 404 951
0:0:0:0:0:0:0:1 - - [27/Jul/2017:15:28:08 +0800] "POST /SpringMVC-Day01-1/addUser.action HTTP/1.1" 200 300
127.0.0.1 - - [27/Jul/2017:15:28:45 +0800] "GET / HTTP/1.1" 404 951
0:0:0:0:0:0:0:1 - - [27/Jul/2017:15:28:47 +0800] "POST /SpringMVC-Day01-1/addUser.action HTTP/1.1" 200 300
127.0.0.1 - - [27/Jul/2017:15:30:01 +0800] "GET / HTTP/1.1" 404 951
0:0:0:0:0:0:0:1 - - [27/Jul/2017:15:30:05 +0800] "GET /SpringMVC-Day01-1/toUser.action HTTP/1.1" 200 1397
0:0:0:0:0:0:0:1 - - [27/Jul/2017:15:30:16 +0800] "POST /SpringMVC-Day01-1/addUser.action HTTP/1.1" 200 300
127.0.0.1 - - [27/Jul/2017:15:35:49 +0800] "GET / HTTP/1.1" 404 951
0:0:0:0:0:0:0:1 - - [27/Jul/2017:15:35:51 +0800] "GET /SpringMVC-Day01-1/toUser.action HTTP/1.1" 200 1528
0:0:0:0:0:0:0:1 - - [27/Jul/2017:15:35:51 +0800] "GET /SpringMVC-Day01-1/toUser.action HTTP/1.1" 200 1528
0:0:0:0:0:0:0:1 - - [27/Jul/2017:15:36:17 +0800] "POST /SpringMVC-Day01-1/addUser.action HTTP/1.1" 200 300
127.0.0.1 - - [27/Jul/2017:15:42:44 +0800] "GET / HTTP/1.1" 404 951
0:0:0:0:0:0:0:1 - - [27/Jul/2017:15:42:50 +0800] "POST /SpringMVC-Day01-1/addUser.action HTTP/1.1" 400 968
0:0:0:0:0:0:0:1 - - [27/Jul/2017:15:43:13 +0800] "GET /SpringMVC-Day01-1/toUser.action HTTP/1.1" 200 1528
0:0:0:0:0:0:0:1 - - [27/Jul/2017:15:43:37 +0800] "POST /SpringMVC-Day01-1/addUser.action HTTP/1.1" 400 968
0:0:0:0:0:0:0:1 - - [27/Jul/2017:15:44:03 +0800] "POST /SpringMVC-Day01-1/addUser.action HTTP/1.1" 200 300
0:0:0:0:0:0:0:1 - - [27/Jul/2017:15:46:58 +0800] "POST /SpringMVC-Day01-1/addUser.action HTTP/1.1" 400 968
0:0:0:0:0:0:0:1 - - [27/Jul/2017:15:47:11 +0800] "POST /SpringMVC-Day01-1/addUser.action HTTP/1.1" 400 968
127.0.0.1 - - [27/Jul/2017:16:06:20 +0800] "GET / HTTP/1.1" 404 951
0:0:0:0:0:0:0:1 - - [27/Jul/2017:16:06:24 +0800] "GET /SpringMVC-Day01-1/toUser.action HTTP/1.1" 200 1988
0:0:0:0:0:0:0:1 - - [27/Jul/2017:16:06:57 +0800] "GET /SpringMVC-Day01-1/toUser.action HTTP/1.1" 200 1988
127.0.0.1 - - [27/Jul/2017:16:07:10 +0800] "GET / HTTP/1.1" 404 951
0:0:0:0:0:0:0:1 - - [27/Jul/2017:16:07:13 +0800] "GET /SpringMVC-Day01-1/toUser.action HTTP/1.1" 200 1952
0:0:0:0:0:0:0:1 - - [27/Jul/2017:16:07:32 +0800] "POST /SpringMVC-Day01-1/addUser.action HTTP/1.1" 200 300
127.0.0.1 - - [27/Jul/2017:16:12:49 +0800] "GET / HTTP/1.1" 404 951
0:0:0:0:0:0:0:1 - - [27/Jul/2017:16:12:59 +0800] "GET /SpringMVC-Day01-1/helloForWard.action HTTP/1.1" 200 1952
127.0.0.1 - - [27/Jul/2017:16:18:05 +0800] "GET / HTTP/1.1" 404 951
127.0.0.1 - - [27/Jul/2017:16:18:17 +0800] "GET / HTTP/1.1" 404 951
0:0:0:0:0:0:0:1 - - [27/Jul/2017:16:18:19 +0800] "GET /SpringMVC-Day01-1/helloRedirect.action HTTP/1.1" 302 -
0:0:0:0:0:0:0:1 - - [27/Jul/2017:16:18:20 +0800] "GET /SpringMVC-Day01-1/toUser.action HTTP/1.1" 200 1952
127.0.0.1 - - [27/Jul/2017:16:26:22 +0800] "GET / HTTP/1.1" 404 951
0:0:0:0:0:0:0:1 - - [27/Jul/2017:16:26:28 +0800] "GET /SpringMVC-Day01-1/toUser.action HTTP/1.1" 200 2194
0:0:0:0:0:0:0:1 - - [27/Jul/2017:16:26:56 +0800] "POST /SpringMVC-Day01-1/addUser.action HTTP/1.1" 200 300
0:0:0:0:0:0:0:1 - - [27/Jul/2017:16:27:09 +0800] "POST /SpringMVC-Day01-1/addUser.action HTTP/1.1" 200 300
0:0:0:0:0:0:0:1 - - [27/Jul/2017:16:27:18 +0800] "POST /SpringMVC-Day01-1/addUser.action HTTP/1.1" 200 300
